Resolving dependencies...
Downloading packages...
  characters 1.4.0 (1.4.1 available)
  flutter_lints 2.0.3 (6.0.0 available)
  geolocator 9.0.2 (14.0.2 available)
  geolocator_android 4.6.2 (5.0.2 available)
  geolocator_web 2.2.1 (4.1.3 available)
  geolocator_windows 0.1.3 (0.2.5 available)
  http 0.13.6 (1.6.0 available)
  lints 2.1.1 (6.1.0 available)
  matcher 0.12.17 (0.12.18 available)
  material_color_utilities 0.11.1 (0.13.0 available)
  meta 1.17.0 (1.18.1 available)
  source_span 1.10.1 (1.10.2 available)
  test_api 0.7.7 (0.7.9 available)
Got dependencies!
13 packages have newer versions incompatible with dependency constraints.
Try `flutter pub outdated` for more information.
Launching lib\main.dart on Chrome in debug mode...
Waiting for connection from debug service on Chrome...             24.9s

Flutter run key commands.
r Hot reload. 
R Hot restart.
h List all available interactive commands.
d Detach (terminate "flutter run" but leave application running).
c Clear the screen
q Quit (terminate the application on the device).

This app is linked to the debug service: ws://127.0.0.1:52168/t26wL5_P-A8=/ws
Debug service listening on ws://127.0.0.1:52168/t26wL5_P-A8=/ws
A Dart VM Service on Chrome is available at: http://127.0.0.1:52168/t26wL5_P-A8=
The Flutter DevTools debugger and profiler on Chrome is available at: http://127.0.0.1:52168/t26wL5_P-A8=/devtools/?uri=ws://127.0.0.1:52168/t26wL5_P-A8=/ws
Starting application from main method in: org-dartlang-app:/web_entrypoint.dart.
Application finished.
